<html>
<body>
<pre>
<h1>µVision Build Log</h1>
<h2>Tool Versions:</h2>
IDE-Version: ÂµVision V5.36.0.0
Copyright (C) 2021 ARM Ltd and ARM Germany GmbH. All rights reserved.
License Information: . ., ., LIC=----
 
Tool Versions:
Toolchain:       MDK-Lite  Version: 5.36.0.0
Toolchain Path:  C:\Keil_v5\ARM\ARMCLANG\Bin
C Compiler:      ArmClang.exe V6.16
Assembler:       Armasm.exe V6.16
Linker/Locator:  ArmLink.exe V6.16
Library Manager: ArmAr.exe V6.16
Hex Converter:   FromElf.exe V6.16
CPU DLL:         SARMCM3.DLL V5.36.0.0
Dialog DLL:      DCM.DLL V1.17.3.0
Target DLL:      STLink\ST-LINKIII-KEIL_SWO.dll V3.0.9.0
Dialog DLL:      TCM.DLL V1.53.0.0
 
<h2>Project:</h2>
C:\Users\student\Desktop\Microcontrollers-Lab03\lab03\lab03.uvprojx
Project File Date:  05/25/2023

<h2>Output:</h2>
*** Using Compiler 'V6.16', folder: 'C:\Keil_v5\ARM\ARMCLANG\Bin'
Build target 'Target 1'
main.c(3): warning: In file included from...
./drivers\uart.h(43): warning: // comments are not allowed in this language [-Wcomment]
#endif // UART_H
       ^
main.c(4): warning: In file included from...
./drivers\gpio.h(12): warning: In file included from...
./drivers/platform.h(18): warning: non-portable path to file '<stm32f4xx.h>'; specified path differs in case from file name on disk [-Wnonportable-include-path]
#include <STM32F4xx.h>
         ^~~~~~~~~~~~~
         <stm32f4xx.h>
./drivers/platform.h(20): warning: // comments are not allowed in this language [-Wcomment]
// Core CPU frequency.
^
main.c(4): warning: In file included from...
./drivers\gpio.h(16): warning: // comments are not allowed in this language [-Wcomment]
        Reset,   //!< Resets the pin-mode to the default value.
                 ^
main.c(5): warning: In file included from...
./drivers\leds.h(20): warning: // comments are not allowed in this language [-Wcomment]
#endif // LEDS_H
       ^
main.c(6): warning: In file included from...
./drivers\timer.h(29): warning: // comments are not allowed in this language [-Wcomment]
#endif // TIMER_H
       ^
main.c(7): warning: In file included from...
./drivers\queue.h(15): warning: // comments are not allowed in this language [-Wcomment]
        uint8_t* data; //!< Array of data, stored on the heap.
                       ^
main.c(8): warning: In file included from...
./dht11.h(20): warning: no newline at end of file [-Wnewline-eof]
#endif
      ^
main.c(36): warning: // comments are not allowed in this language [-Wcomment]
        //Check if |period| seconds have passed
        ^
main.c(43): warning: implicit conversion increases floating-point precision: 'float' to 'double' [-Wdouble-promotion]
                sprintf(temp, "The current temperature is: %.2f, humidity is: %.2f and the current period is: %d . Checksum: %d \r\n", temperature, humidity, period, check);
                ~~~~~~~                                                                                                                             ^~~~~~~~
main.c(43): warning: implicit conversion increases floating-point precision: 'float' to 'double' [-Wdouble-promotion]
                sprintf(temp, "The current temperature is: %.2f, humidity is: %.2f and the current period is: %d . Checksum: %d \r\n", temperature, humidity, period, check);
                ~~~~~~~                                                                                                                ^~~~~~~~~~~
main.c(42): warning: ISO C90 forbids mixing declarations and code [-Wdeclaration-after-statement]
                char temp[250];
                     ^
main.c(31): warning: no previous prototype for function 'timer_isr' [-Wmissing-prototypes]
void timer_isr(void){
     ^
main.c(31): note: declare 'static' if the function is not intended to be used outside of this translation unit
void timer_isr(void){
^
static 
main.c(75): warning: implicit conversion changes signedness: 'uint32_t' (aka 'unsigned int') to 'int' [-Wsign-conversion]
                period = AEM_last_digits;
                       ~ ^~~~~~~~~~~~~~~
main.c(85): warning: ISO C90 forbids mixing declarations and code [-Wdeclaration-after-statement]
        char temp[200];
             ^
main.c(69): warning: unused parameter 'status' [-Wunused-parameter]
void switch_isr(int status){
                    ^
main.c(69): warning: no previous prototype for function 'switch_isr' [-Wmissing-prototypes]
void switch_isr(int status){
     ^
main.c(69): note: declare 'static' if the function is not intended to be used outside of this translation unit
void switch_isr(int status){
^
static 
main.c(95): warning: no previous prototype for function 'uart_get_AEM' [-Wmissing-prototypes]
void uart_get_AEM(void){
     ^
main.c(95): note: declare 'static' if the function is not intended to be used outside of this translation unit
void uart_get_AEM(void){
^
static 
main.c(120): warning: variable 'c1' may be uninitialized when used here [-Wconditional-uninitialized]
        AEM_last_digits = c1 + c2 - 2 * ASCII_0;
                          ^~
main.c(97): note: initialize the variable 'c1' to silence this warning
        uint8_t c1, c2;
                  ^
                   = '\0'
main.c(120): warning: variable 'c2' may be uninitialized when used here [-Wconditional-uninitialized]
        AEM_last_digits = c1 + c2 - 2 * ASCII_0;
                               ^~
main.c(97): note: initialize the variable 'c2' to silence this warning
        uint8_t c1, c2;
                      ^
                       = '\0'
main.c(170): warning: no newline at end of file [-Wnewline-eof]
}
 ^
21 warnings generated.
compiling main.c...
linking...
Program Size: Code=16280 RO-data=1164 RW-data=4 ZI-data=1700  
".\Objects\lab03.axf" - 0 Error(s), 21 Warning(s).

<h2>Software Packages used:</h2>

Package Vendor: ARM
                http://www.keil.com/pack/ARM.CMSIS.5.8.0.pack
                ARM.CMSIS.5.8.0
                CMSIS (Common Microcontroller Software Interface Standard)
   * Component: CORE Version: 5.5.0

Package Vendor: Keil
                http://www.keil.com/pack/Keil.ARM_Compiler.1.7.0.pack
                Keil.ARM_Compiler.1.7.0
                Keil ARM Compiler extensions for ARM Compiler 5 and ARM Compiler 6
   * Component: STDERR Variant: ITM Version: 1.2.0
   * Component: STDIN Variant: ITM Version: 1.2.0
   * Component: STDOUT Variant: ITM Version: 1.2.0

Package Vendor: Keil
                http://www.keil.com/pack/Keil.STM32F4xx_DFP.2.16.0.pack
                Keil.STM32F4xx_DFP.2.16.0
                STMicroelectronics STM32F4 Series Device Support, Drivers and Examples
   * Component: Startup Version: 2.6.3

<h2>Collection of Component include folders:</h2>
  .\RTE\_Target_1
  C:\Users\student\AppData\Local\Arm\Packs\ARM\CMSIS\5.8.0\CMSIS\Core\Include
  C:\Users\student\AppData\Local\Arm\Packs\Keil\STM32F4xx_DFP\2.16.0\Drivers\CMSIS\Device\ST\STM32F4xx\Include

<h2>Collection of Component Files used:</h2>

   * Component: ARM::CMSIS:CORE:5.5.0

   * Component: Keil.ARM Compiler::Compiler:I/O:STDERR:ITM:1.2.0
      Source file:   Source\retarget_io.c

   * Component: Keil.ARM Compiler::Compiler:I/O:STDIN:ITM:1.2.0
      Source file:   Source\retarget_io.c

   * Component: Keil.ARM Compiler::Compiler:I/O:STDOUT:ITM:1.2.0
      Source file:   Source\retarget_io.c

   * Component: Keil::Device:Startup:2.6.3
      Source file:   Drivers\CMSIS\Device\ST\STM32F4xx\Source\Templates\arm\startup_stm32f411xe.s
      Include file:  Drivers\CMSIS\Device\ST\STM32F4xx\Include\stm32f4xx.h
      Source file:   MDK\Device\Source\ARM\STM32F411xx_OPT.s
      Source file:   MDK\Device\Source\ARM\STM32F4xx_OTP.s
      Source file:   Drivers\CMSIS\Device\ST\STM32F4xx\Source\Templates\system_stm32f4xx.c
Build Time Elapsed:  00:00:01
</pre>
</body>
</html>
